I'm sorry, but errors were detected in your script. Please correct the
errors listed below, and try again.


The label start is defined twice, at File "game/script.rpy", line 240:
label start:
and File "game/start.rpyc", line 9:



Ren'Py Version: Ren'Py 8.1.3.23091805
Tue Dec 12 21:56:19 2023
